
> vite_react_shadcn_ts@0.0.0 build
> vite build

vite v5.4.21 building for production...
transforming...
✓ 1749 modules transformed.
rendering chunks...
computing gzip size...
dist/index.html                   1.52 kB │ gzip:   0.60 kB
dist/assets/index-BQIfuquI.css   58.77 kB │ gzip:  10.45 kB
dist/assets/index-BPNIJBa3.js   401.48 kB │ gzip: 125.89 kB
✓ built in 1.27s
